
R version 4.5.2 (2025-10-31 ucrt) -- "[Not] Part in a Rumble"
Copyright (C) 2025 The R Foundation for Statistical Computing
Platform: x86_64-w64-mingw32/x64

R is free software and comes with ABSOLUTELY NO WARRANTY.
You are welcome to redistribute it under certain conditions.
Type 'license()' or 'licence()' for distribution details.

  Natural language support but running in an English locale

R is a collaborative project with many contributors.
Type 'contributors()' for more information and
'citation()' on how to cite R or R packages in publications.

Type 'demo()' for some demos, 'help()' for on-line help, or
'help.start()' for an HTML browser interface to help.
Type 'q()' to quit R.

Error attempting to read history from ~/.Rhistory: system error 5 (Access is denied)
WARNING: Failed to restore workspace from '~/.RData'
Reason: restore file may be empty -- no data loaded

> library(dplyr)

Attaching package: ‘dplyr’

The following objects are masked from ‘package:stats’:

    filter, lag

The following objects are masked from ‘package:base’:

    intersect, setdiff, setequal, union

Warning messages:
1: In readChar(con, 5L, useBytes = TRUE) : error reading the file
2: In readChar(con, 5L, useBytes = TRUE) :
  truncating string with embedded nuls
3: file ‘.RData’ has magic number ''
  Use of save versions prior to 2 is deprecated 
> library(Seurat)
Loading required package: SeuratObject
Loading required package: sp

Attaching package: ‘SeuratObject’

The following objects are masked from ‘package:base’:

    intersect, t
> library(patchwork)
> 
> # Load the PBMC dataset
> pbmc.data <- Read10X(data.dir = "E:\Compilers and Libraries\R Library\pbmc3k_filtered_gene_bc_matrices/hg19")
Error: '\C' is an unrecognized escape in character string (<input>:1:37)

> # Load the PBMC dataset
> pbmc.data <- Read10X(data.dir = "E:\Compilers and Libraries\R Library\pbmc3k_filtered_gene_bc_matrices\hg19")
Error: '\C' is an unrecognized escape in character string (<input>:1:37)

> # Load the PBMC dataset
> pbmc.data <- Read10X(data.dir = "E/Compilers and Libraries/R Library/pbmc3k_filtered_gene_bc_matrices/hg19")
Error in Read10X(data.dir = "E/Compilers and Libraries/R Library/pbmc3k_filtered_gene_bc_matrices/hg19") : 
  Directory provided does not exist

> # Load the PBMC dataset
> pbmc.data <- Read10X(data.dir = "E:/Compilers and Libraries/R Library/pbmc3k_filtered_gene_bc_matrices/hg19")
Error in Read10X(data.dir = "E:/Compilers and Libraries/R Library/pbmc3k_filtered_gene_bc_matrices/hg19") : 
  Directory provided does not exist

> #filtering outlier cells (droplet or multiplets)
> pbmc <- subset(pbmc, subset = nFeature_RNA > 200 & nFeature_RNA < 2500 & percent.mt < 5)
Error: object 'pbmc' not found

> # Load the PBMC dataset
> pbmc.data <- Read10X(data.dir = "E:\\Compilers and Libraries\\R Library\\pbmc3k_filtered_gene_bc_matrices\\hg19")
Error in Read10X(data.dir = "E:\\Compilers and Libraries\\R Library\\pbmc3k_filtered_gene_bc_matrices\\hg19") : 
  Directory provided does not exist

> # Check what's in your R Library folder
> list.files("E:\\Compilers and Libraries\\R Library")
[1] "guidedSeuratTuitorial.R"                 "pbmc3k_filtered_gene_bc_matrices"       
[3] "pbmc3k_filtered_gene_bc_matrices.tar.gz"
> 
> # Or check the pbmc3k folder
> list.files("E:\\Compilers and Libraries\\R Library\\pbmc3k_filtered_gene_bc_matrices")
[1] "filtered_gene_bc_matrices"
> # Load the PBMC dataset
> pbmc.data <- Read10X(data.dir = "E:\\Compilers and Libraries\\R Library\\pbmc3k_filtered_gene_bc_matrices\\filtered_gene_bc_matrices\\hg19")
> # Initialize the Seurat object with the raw (non-normalized data).
> pbmc <- CreateSeuratObject(counts = pbmc.data, project = "pbmc3k", min.cells = 3, min.features = 200)
Warning: Feature names cannot have underscores ('_'), replacing with dashes ('-')
> pbmc
An object of class Seurat 
13714 features across 2700 samples within 1 assay 
Active assay: RNA (13714 features, 0 variable features)
 1 layer present: counts
> #qc metric analysis by percentagefeatureset
> pbmc[["percent.mt"]] <- PercentageFeatureSet(pbmc, pattern = "^MT-")
> #violin plot function for qc analysis
> VlnPlot(pbmc, features = c("nFeature_RNA", "nCount_RNA", "percent.mt"), ncol = 3)
Warning: Default search for "data" layer in "RNA" assay yielded no results; utilizing "counts" layer instead.

> # feature plot= two features in both axis
> plot1 <- FeatureScatter(pbmc, feature1 = "nCount_RNA", feature2 = "percent.mt")
> plot2 <- FeatureScatter(pbmc, feature1 = "nCount_RNA", feature2 = "nFeature_RNA")
> plot1 + plot2
> #filtering outlier cells (droplet or multiplets)
> pbmc <- subset(pbmc, subset = nFeature_RNA > 200 & nFeature_RNA < 2500 & percent.mt < 5)
> #self explanatory or use "pbmc <- NormalizeData(pbmc, normalization.method = "LogNormalize", scale.factor = 10000)"
> pbmc <- NormalizeData(pbmc)
Normalizing layer: counts
Performing log-normalization
0%   10   20   30   40   50   60   70   80   90   100%
[----|----|----|----|----|----|----|----|----|----|
**************************************************|
> #to find the most variable features of cells
> pbmc <- FindVariableFeatures(pbmc, selection.method = "vst", nfeatures = 2000)
Finding variable features for layer counts
Calculating gene variances
0%   10   20   30   40   50   60   70   80   90   100%
[----|----|----|----|----|----|----|----|----|----|
**************************************************|
Calculating feature variances of standardized and clipped values
0%   10   20   30   40   50   60   70   80   90   100%
[----|----|----|----|----|----|----|----|----|----|
**************************************************|
> # 10 most highly variable genes and only see them
> top10 <- head(VariableFeatures(pbmc), 10)
> # plot variable features with and without labels
> plot1 <- VariableFeaturePlot(pbmc)
> plot2 <- LabelPoints(plot = plot1, points = top10, repel = TRUE)
When using repel, set xnudge and ynudge to 0 for optimal results
> plot1 + plot2
Warning messages:
1: In scale_x_log10() :
  log-10 transformation introduced infinite values.
2: In scale_x_log10() :
  log-10 transformation introduced infinite values.

> #data scaling by reduction techniques (mean=0 variance=1)
> all.genes <- rownames(pbmc)
> pbmc <- ScaleData(pbmc, features = all.genes)
Centering and scaling data matrix
  |===============================================================================================================| 100%
> #principle component analysis = method of dimensionality reduction, finding a small set in a large set which still represents the original set
> pbmc <- RunPCA(pbmc, features = VariableFeatures(object = pbmc))
PC_ 1 
Positive:  CST3, TYROBP, LST1, AIF1, FTL, FTH1, LYZ, FCN1, S100A9, TYMP 
	   FCER1G, CFD, LGALS1, S100A8, CTSS, LGALS2, SERPINA1, IFITM3, SPI1, CFP 
	   PSAP, IFI30, SAT1, COTL1, S100A11, NPC2, GRN, LGALS3, GSTP1, PYCARD 
Negative:  MALAT1, LTB, IL32, IL7R, CD2, B2M, ACAP1, CD27, STK17A, CTSW 
	   CD247, GIMAP5, AQP3, CCL5, SELL, TRAF3IP3, GZMA, MAL, CST7, ITM2A 
	   MYC, GIMAP7, HOPX, BEX2, LDLRAP1, GZMK, ETS1, ZAP70, TNFAIP8, RIC3 
PC_ 2 
Positive:  CD79A, MS4A1, TCL1A, HLA-DQA1, HLA-DQB1, HLA-DRA, LINC00926, CD79B, HLA-DRB1, CD74 
	   HLA-DMA, HLA-DPB1, HLA-DQA2, CD37, HLA-DRB5, HLA-DMB, HLA-DPA1, FCRLA, HVCN1, LTB 
	   BLNK, P2RX5, IGLL5, IRF8, SWAP70, ARHGAP24, FCGR2B, SMIM14, PPP1R14A, C16orf74 
Negative:  NKG7, PRF1, CST7, GZMB, GZMA, FGFBP2, CTSW, GNLY, B2M, SPON2 
	   CCL4, GZMH, FCGR3A, CCL5, CD247, XCL2, CLIC3, AKR1C3, SRGN, HOPX 
	   TTC38, APMAP, CTSC, S100A4, IGFBP7, ANXA1, ID2, IL32, XCL1, RHOC 
PC_ 3 
Positive:  HLA-DQA1, CD79A, CD79B, HLA-DQB1, HLA-DPB1, HLA-DPA1, CD74, MS4A1, HLA-DRB1, HLA-DRA 
	   HLA-DRB5, HLA-DQA2, TCL1A, LINC00926, HLA-DMB, HLA-DMA, CD37, HVCN1, FCRLA, IRF8 
	   PLAC8, BLNK, MALAT1, SMIM14, PLD4, P2RX5, IGLL5, LAT2, SWAP70, FCGR2B 
Negative:  PPBP, PF4, SDPR, SPARC, GNG11, NRGN, GP9, RGS18, TUBB1, CLU 
	   HIST1H2AC, AP001189.4, ITGA2B, CD9, TMEM40, PTCRA, CA2, ACRBP, MMD, TREML1 
	   NGFRAP1, F13A1, SEPT5, RUFY1, TSC22D1, MPP1, CMTM5, RP11-367G6.3, MYL9, GP1BA 
PC_ 4 
Positive:  HLA-DQA1, CD79B, CD79A, MS4A1, HLA-DQB1, CD74, HIST1H2AC, HLA-DPB1, PF4, SDPR 
	   TCL1A, HLA-DRB1, HLA-DPA1, HLA-DQA2, PPBP, HLA-DRA, LINC00926, GNG11, SPARC, HLA-DRB5 
	   GP9, AP001189.4, CA2, PTCRA, CD9, NRGN, RGS18, CLU, TUBB1, GZMB 
Negative:  VIM, IL7R, S100A6, IL32, S100A8, S100A4, GIMAP7, S100A10, S100A9, MAL 
	   AQP3, CD2, CD14, FYB, LGALS2, GIMAP4, ANXA1, CD27, FCN1, RBP7 
	   LYZ, S100A11, GIMAP5, MS4A6A, S100A12, FOLR3, TRABD2A, AIF1, IL8, IFI6 
PC_ 5 
Positive:  GZMB, NKG7, S100A8, FGFBP2, GNLY, CCL4, CST7, PRF1, GZMA, SPON2 
	   GZMH, S100A9, LGALS2, CCL3, CTSW, XCL2, CD14, CLIC3, S100A12, RBP7 
	   CCL5, MS4A6A, GSTP1, FOLR3, IGFBP7, TYROBP, TTC38, AKR1C3, XCL1, HOPX 
Negative:  LTB, IL7R, CKB, VIM, MS4A7, AQP3, CYTIP, RP11-290F20.3, SIGLEC10, HMOX1 
	   LILRB2, PTGES3, MAL, CD27, HN1, CD2, GDI2, CORO1B, ANXA5, TUBA1B 
	   FAM110A, ATP1A1, TRADD, PPA1, CCDC109B, ABRACL, CTD-2006K23.1, WARS, VMO1, FYB 
> #vizualize pca set (dot plot)
> VizDimLoadings(pbmc, dims = 1:2, reduction = "pca")
> #using dimensional plotting to see data for different pca scores
> DimPlot(pbmc, reduction = "pca") + NoLegend()
> DimHeatmap(pbmc, dims = 1, cells = 500, balanced = TRUE)
> DimHeatmap(pbmc, dims = 1:6, cells = 500, balanced = TRUE)
> #seeing the number of dimensions
> ElbowPlot(pbmc)
> #clustering 
> pbmc <- FindNeighbors(pbmc, dims = 1:10)
Computing nearest neighbor graph
Computing SNN
> pbmc <- FindClusters(pbmc, resolution = 0.5)
Modularity Optimizer version 1.3.0 by Ludo Waltman and Nees Jan van Eck

Number of nodes: 2638
Number of edges: 95927

Running Louvain algorithm...
0%   10   20   30   40   50   60   70   80   90   100%
[----|----|----|----|----|----|----|----|----|----|
**************************************************|
Maximum modularity in 10 random starts: 0.8728
Number of communities: 9
Elapsed time: 0 seconds
> # Look at cluster IDs of the first 10 cells
> head(Idents(pbmc), 10)
AAACATACAACCAC-1 AAACATTGAGCTAC-1 AAACATTGATCAGC-1 AAACCGTGCTTCCG-1 AAACCGTGTATGCG-1 
               2                3                2                1                6 
AAACGCACTGGTAC-1 AAACGCTGACCAGT-1 AAACGCTGGTTCTT-1 AAACGCTGTAGCCA-1 AAACGCTGTTTCTG-1 
               2                4                4                4                5 
Levels: 0 1 2 3 4 5 6 7 8
> #non-linear dimensional reduction UMAP
> pbmc <- RunUMAP(pbmc, dims = 1:10)
Warning: The default method for RunUMAP has changed from calling Python UMAP via reticulate to the R-native UWOT using the cosine metric
To use Python UMAP via reticulate, set umap.method to 'umap-learn' and metric to 'correlation'
This message will be shown once per session
01:15:45 UMAP embedding parameters a = 0.9922 b = 1.112
01:15:45 Read 2638 rows and found 10 numeric columns
01:15:45 Using Annoy for neighbor search, n_neighbors = 30
01:15:45 Building Annoy index with metric = cosine, n_trees = 50
0%   10   20   30   40   50   60   70   80   90   100%
[----|----|----|----|----|----|----|----|----|----|
**************************************************|
01:15:45 Writing NN index file to temp file C:\Users\safwa\AppData\Local\Temp\RtmpK2slxN\file26f873b413e2
01:15:45 Searching Annoy index using 1 thread, search_k = 3000
01:15:46 Annoy recall = 100%
01:15:46 Commencing smooth kNN distance calibration using 1 thread with target n_neighbors = 30
01:15:46 Initializing from normalized Laplacian + noise (using RSpectra)
01:15:46 Commencing optimization for 500 epochs, with 105140 positive edges
01:15:46 Using rng type: pcg
Using method 'umap'
0%   10   20   30   40   50   60   70   80   90   100%
[----|----|----|----|----|----|----|----|----|----|
**************************************************|
01:15:53 Optimization finished
> # note that you can set `label = TRUE` or use the LabelClusters function to help label
> # individual clusters
> DimPlot(pbmc, reduction = "umap",label=TRUE)
> # find all markers of cluster 2
> cluster2.markers <- FindMarkers(pbmc, ident.1 = 2)
For a (much!) faster implementation of the Wilcoxon Rank Sum Test,
(default method for FindMarkers) please install the presto package
--------------------------------------------
install.packages('devtools')
devtools::install_github('immunogenomics/presto')
--------------------------------------------
After installation of presto, Seurat will automatically use the more 
efficient implementation (no further action necessary).
This message will be shown once per session
  |++++++++++++++++++++++++++++++++++++++++++++++++++| 100% elapsed=01m 07s
> head(cluster2.markers, n = 5)
            p_val avg_log2FC pct.1 pct.2    p_val_adj
IL32 2.892340e-90  1.3070772 0.947 0.465 3.966555e-86
LTB  1.060121e-86  1.3312674 0.981 0.643 1.453850e-82
CD3D 8.794641e-71  1.0597620 0.922 0.432 1.206097e-66
IL7R 3.516098e-68  1.4377848 0.750 0.326 4.821977e-64
LDHB 1.642480e-67  0.9911924 0.954 0.614 2.252497e-63
> # find all markers distinguishing cluster 5 from clusters 0 and 3
> cluster5.markers <- FindMarkers(pbmc, ident.1 = 5, ident.2 = c(0, 3))
  |++++++++++++++++++++++++++++++++++++++++++++++++++| 100% elapsed=38s  
> head(cluster5.markers, n = 5)
                      p_val avg_log2FC pct.1 pct.2     p_val_adj
FCGR3A        8.246578e-205   6.794969 0.975 0.040 1.130936e-200
IFITM3        1.677613e-195   6.192558 0.975 0.049 2.300678e-191
CFD           2.401156e-193   6.015172 0.938 0.038 3.292945e-189
CD68          2.900384e-191   5.530330 0.926 0.035 3.977587e-187
RP11-290F20.3 2.513244e-186   6.297999 0.840 0.017 3.446663e-182
> # find markers for every cluster compared to all remaining cells, report only the positive
> # ones
> pbmc.markers <- FindAllMarkers(pbmc, only.pos = TRUE)
Calculating cluster 0
  |++++++++++++++++++++++++++++++++++++++++++++++++++| 100% elapsed=17s  
Calculating cluster 1
  |++++++++++++++++++++++++++++++++++++++++++++++++++| 100% elapsed=19s  
Calculating cluster 2
  |++++++++++++++++++++++++++++++++++++++++++++++++++| 100% elapsed=24s  
Calculating cluster 3
  |++++++++++++++++++++++++++++++++++++++++++++++++++| 100% elapsed=21s  
Calculating cluster 4
  |++++++++++++++++++++++++++++++++++++++++++++++++++| 100% elapsed=29s  
Calculating cluster 5
  |++++++++++++++++++++++++++++++++++++++++++++++++++| 100% elapsed=25s  
Calculating cluster 6
  |++++++++++++++++++++++++++++++++++++++++++++++++++| 100% elapsed=38s  
Calculating cluster 7
  |++++++++++++++++++++++++++++++++++++++++++++++++++| 100% elapsed=31s  
Calculating cluster 8
  |++++++++++++++++++++++++++++++++++++++++++++++++++| 100% elapsed=16s  
> pbmc.markers %>%
+   group_by(cluster) %>%
+   dplyr::filter(avg_log2FC > 1)
# A tibble: 7,019 × 7
# Groups:   cluster [9]
       p_val avg_log2FC pct.1 pct.2 p_val_adj cluster gene     
       <dbl>      <dbl> <dbl> <dbl>     <dbl> <fct>   <chr>    
 1 3.75e-112       1.21 0.912 0.592 5.14e-108 0       LDHB     
 2 9.57e- 88       2.40 0.447 0.108 1.31e- 83 0       CCR7     
 3 1.15e- 76       1.06 0.845 0.406 1.58e- 72 0       CD3D     
 4 1.12e- 54       1.04 0.731 0.4   1.54e- 50 0       CD3E     
 5 1.35e- 51       2.14 0.342 0.103 1.86e- 47 0       LEF1     
 6 1.94e- 47       1.20 0.629 0.359 2.66e- 43 0       NOSIP    
 7 2.81e- 44       1.53 0.443 0.185 3.85e- 40 0       PIK3IP1  
 8 6.27e- 43       1.99 0.33  0.112 8.60e- 39 0       PRKCQ-AS1
 9 1.16e- 40       2.70 0.2   0.04  1.59e- 36 0       FHIT     
10 1.34e- 34       1.96 0.268 0.087 1.84e- 30 0       MAL      
# ℹ 7,009 more rows
# ℹ Use `print(n = ...)` to see more rows
> cluster0.markers <- FindMarkers(pbmc, ident.1 = 0, logfc.threshold = 0.25, test.use = "roc", only.pos = TRUE)
  |++++++++++++++++++++++++++++++++++++++++++++++++++| 100% elapsed=03s  
> #vlnplot= expression probability distributions
> VlnPlot(pbmc, features = c("MS4A1", "GNLY", "CD3E", "CD14", "FCER1A", "FCGR3A", "LYZ", "PPBP",
+                            "CD8A" , slot = "counts", log = TRUE))
Warning message:
The following requested variables were not found: counts, TRUE 

> FeaturePlot(pbmc, features = c("MS4A1", "GNLY", "CD3E", "CD14", "FCER1A", "FCGR3A", "LYZ", "PPBP",
+                                "CD8A"))
> # dotheatmap func outputs the expressions as heatmap and ouputs the top 20 biomarkers
> pbmc.markers %>%
+   group_by(cluster) %>%
+   dplyr::filter(avg_log2FC > 1) %>%
+   slice_head(n = 10) %>%
+   ungroup() -> top10
> DoHeatmap(pbmc, features = top10$gene) + NoLegend()
> # identifying the clusters
> new.cluster.ids <- c("Naive CD4 T", "CD14+ Mono", "Memory CD4 T", "B", "CD8 T", "FCGR3A+ Mono",
+                      "NK", "DC", "Platelet")
> names(new.cluster.ids) <- levels(pbmc)
> pbmc <- RenameIdents(pbmc, new.cluster.ids)
> DimPlot(pbmc, reduction = "umap", label = TRUE, pt.size = 0.5) + NoLegend()
> # dim plot of labelled cluster diagram
> library(ggplot2)
> plot <- DimPlot(pbmc, reduction = "umap", label = TRUE, label.size = 4.5) + xlab("UMAP 1") + ylab("UMAP 2") +
+   theme(axis.title = element_text(size = 18), legend.text = element_text(size = 18)) + guides(colour = guide_legend(override.aes = list(size = 10)))
> ggsave(filename = "../output/images/pbmc3k_umap.jpg", height = 7, width = 12, plot = plot, quality = 50)
> #saving
> saveRDS(pbmc, file = "../output/pbmc3k_final.rds")